// Vitest Snapshot v1, https://vitest.dev/guide/snapshot.html

exports[`Routes snapshot > prints the same route tree 1`] = `
"└── (empty root node)
    ├── /
    │   ├── health (GET, HEAD)
    │   └── api/
    │       ├── users/
    │       │   ├── register (POST)
    │       │   ├── login (POST)
    │       │   ├── me (GET, HEAD, PUT)
    │       │   ├── app-settings (GET, HEAD, PUT)
    │       │   └── invite (POST)
    │       ├── calendars (GET, HEAD)
    │       │   └── / (GET, HEAD)
    │       │       └── :id (PUT, DELETE)
    │       │           └── /
    │       │               ├── sync (POST)
    │       │               └── test (GET, HEAD)
    │       ├── import/
    │       │   ├── ics (POST)
    │       │   ├── google/
    │       │   │   ├── auth-url (GET, HEAD)
    │       │   │   ├── callback (GET, HEAD)
    │       │   │   ├── list (POST)
    │       │   │   └── import (POST)
    │       │   │       └── ed (GET, HEAD)
    │       │   └── test-connection (POST)
    │       ├── e
    │       │   ├── xport/subscription/ics/
    │       │   │   ├── my-calendar.ics (GET, HEAD)
    │       │   │   ├── calendar/
    │       │   │   │   └── :calendarId.ics (GET, HEAD)
    │       │   │   └── friend/
    │       │   │       ├── :friendUserId.ics (GET, HEAD)
    │       │   │       └── :friendUserId
    │       │   │           └── /
    │       │   │               └── :calendarId.ics (GET, HEAD)
    │       │   └── vents (GET, HEAD)
    │       │       └── / (GET, HEAD)
    │       │           └── friends (GET, HEAD)
    │       └── friends (GET, HEAD)
    │           └── / (GET, HEAD)
    │               ├── request (POST)
    │               ├── share-calendar (POST)
    │               └── :id (DELETE)
    │                   └── /accept (POST)
    └── * (OPTIONS)
"
`;
